                        ; COMPILED WITH THE
                        ; William Coley A18 cross-assembler
                        
                        ; TO ASSEMBLE, I CREATED A SCRIPT CALLED ASM18
                        ; #!/bin/bash
                        ; ./a18 $1.asm -l $1.lst -o $1.hex
                        ; then run; ./asm18 CosmacTimerMTU
                        
                        ; RICKY BRYCE
                        
   7000                 GPIO1:      EQU 7000H 
   7102                 SEGMENT:    EQU 7102H
   7101                 DIGIT:      EQU 7101H
   8300                 HUNDREDTHS: EQU 8300H
   8301                 TENTHS:     EQU 8301H
   8302                 ONES:       EQU 8302H
   8303                 TENS:       EQU 8303H
   8304                 HUNDREDS:   EQU 8304H
   8305                 THOUSANDS:  EQU 8305H
   8306                 FREERUN:    EQU 8306H
   8307                 EFLAGS:     EQU 8307H
   2756                 BREAK:      EQU 2756H
                        
                        
   8000                     ORG    8000H        ; 1802 TRAINING UNIT STARTS AT 8000
   0000                 R0    EQU    0          ; REGISTER DEFINITIONS
   0001                 R1    EQU    1
   0002                 R2    EQU    2
   0003                 R3    EQU    3
   0004                 R4    EQU    4
   0005                 R5    EQU    5
   0006                 R6    EQU    6
   0007                 R7    EQU    7
   0008                 R8    EQU    8
   0009                 R9    EQU    9
   000a                 RA    EQU    10
   000b                 RB    EQU    11
   000c                 RC    EQU    12
   000d                 RD    EQU    13
   000e                 RE    EQU    14
   000f                 RF    EQU    15
                        
   8000   f8 80 b3 f8   START:  LOAD    R3, DELAY       ; DELAY LOOP
   8004   9a a3         
   8006   f8 71 b4 f8           LOAD    R4, SEGMENT     ; SEGMENTS TO TURN ON
   800a   02 a4         
   800c   f8 71 b5 f8           LOAD    R5, DIGIT       ; DIGITS CONTAIN SEGMENTS
   8010   01 a5         
   8012   f8 83 bf f8           LOAD    RF, FREERUN     ; FREE RUNNING TIMER
   8016   06 af         
   8018   f8 00                 LDI     00H             ; CLEAR D
   801a   5f                    STR     RF              ; STORE D TO FREE RUNNING CLOCK
   801b   f8 70 be f8           LOAD    RE, GPIO1       ; GPIO1 IS THE LEDS
   801f   00 ae         
   8021   f8 00                 LDI     00H             ; LOAD D WITH 0 AGAIN
   8023   f8 83 bd f8           LOAD    RD, EFLAGS      ; RD WILL CONTAIN THE EF BITS
   8027   07 ad         
   8029   f8 00                 LDI     00H             ; RELOAD D WITH 0
   802b   5d                    STR     RD              ; ZERO FLAGS
   802c   f8 83 bc f8           LOAD    RC, HUNDREDTHS  ; LOAD RC WITH HUNDREDTHS
   8030   00 ac         
   8032   f8 00                 LDI     00H             ; RELOAD D WITH 0
   8034   5c                    STR     RC              ; ZERO HUNDREDTHS
   8035   f8 83 bc f8           LOAD    RC, TENTHS      ; RELOAD RC WITH TENTHS
   8039   01 ac         
   803b   f8 00                 LDI     00H             ; D BECOMES ZERO
   803d   5c                    STR     RC              ; ZERO TENTHS
   803e   f8 83 bc f8           LOAD    RC, ONES        ; LOAD RC WITH ONES
   8042   02 ac         
   8044   f8 00                 LDI     00H             ; RELOAD D WITH 0
   8046   5c                    STR     RC              ; ZERO ONES
   8047   f8 83 bc f8           LOAD    RC, TENS        ; RELOAD  RC WITH TENS
   804b   03 ac         
   804d   f8 00                 LDI     00H             ; LOAD 0 TO D
   804f   5c                    STR     RC              ; CLEAR TENS
   8050   f8 83 bc f8           LOAD    RC, HUNDREDS    ; LOAD RC WITH HUNDREDS
   8054   04 ac         
   8056   f8 00                 LDI     00H             ; LOAD D WITH 0
   8058   5c                    STR     RC              ; CLEAR HUNDREDS
   8059   f8 83 bc f8           LOAD    RC, THOUSANDS   ; RELOAD RC WITH THOUSANDS
   805d   05 ac         
   805f   f8 00                 LDI     00H             ; ZERO REGISTER D
   8061   5c                    STR     RC              ; CLEAR THOUSANDS
   8062   7a                    REQ                     ; RESET Q OUTPUT ON PROCESSOR
   8063   f8 80 ba f8   MAIN:   LOAD    RA, BUFFER5
   8067   a3 aa         
   8069   f8 80 b9 f8           LOAD    R9, VALUES
   806d   af a9         
   806f   c0 82 34              LBR     CHKEF1
   8072   39 7e         CONT2:  BNQ     CONT
   8074   ef                    SEX     RF
   8075   f8 01                 LDI     01H
   8077   f4                    ADD
   8078   5f                    STR     RF
   8079   fb 1f                 XRI     1FH                             ;CALIBRATE
   807b   c2 80 f7              LBZ     COUNT
   807e   f8 80 bb f8   CONT:   LOAD    RB, SCAN_DIGIT
   8082   a9 ab         
   8084   f8 06                 LDI     6
   8086   a8                    PLO     R8      ;LOOP COUNT
   8087   0b            LOOP:   LDN     RB      ;GET DIGIT CONTROL
   8088   fb ff                 XRI     0FFH    ;COMPLEMENT IT
   808a   55                    STR     R5      ;WRITE TO DIGIT
   808b   0a                    LDN     RA      ;GET BYTE FROM BUFFER
   808c   54                    STR     R4      ;WRITE TO SEGMENT
   808d   d3                    SEP     R3      ;DELAY
   808e   f8 00                 LDI     0       ;TURN OFF DISPLAY
   8090   54                    STR     R4
   8091   1a                    INC     RA
   8092   1b                    INC     RB
   8093   28                    DEC     R8
   8094   88                    GLO     R8
   8095   3a 87                 BNZ     LOOP    ;UNTIL 6 DIGITS
   8097   30 63                 BR      MAIN
   8099   d0            RET_DELAY: SEP  R0
   809a   f8 01         DELAY:  LDI     1
   809c   a7                    PLO     R7
   809d   27            DELAY1: DEC     R7
   809e   87                    GLO     R7
   809f   3a 9d                 BNZ     DELAY1
   80a1   30 99                 BR      RET_DELAY
   80a3   bd            BUFFER5:     DB 0BDH
   80a4   bd            BUFFER4:     DB 0BDH
   80a5   bd            BUFFER3:     DB 0BDH
   80a6   bd            BUFFER2:     DB 0BDH
   80a7   bd            BUFFER1:     DB 0BDH
   80a8   bd            BUFFER0:     DB 0BDH
   80a9   20 10 08 04   SCAN_DIGIT: DB 20H, 10H, 8, 4, 2, 1
   80ad   02 01         
   80af   bd 30 9b ba   VALUES:     DB 0BDH, 030H, 09BH, 0BAH, 036H, 0AEH, 0AFH, 038H, 0BFH, 03EH
   80b3   36 ae af 38   
   80b7   bf 3e         
                        
                        
   80b9   c0 80 fa      LIHNTH: LBR     IHNTH
                        
   80bc   3d b9         ZERO:   BN2     LIHNTH
   80be   f8 83 bc f8   UNCZRO: LOAD    RC, HUNDREDTHS
   80c2   00 ac         
   80c4   f8 00                 LDI     00H
   80c6   5c                    STR     RC
   80c7   f8 83 bc f8           LOAD    RC, TENTHS
   80cb   01 ac         
   80cd   f8 00                 LDI     00H
   80cf   5c                    STR     RC
   80d0   f8 83 bc f8           LOAD    RC, ONES
   80d4   02 ac         
   80d6   f8 00                 LDI     00H
   80d8   5c                    STR     RC
   80d9   f8 83 bc f8           LOAD    RC, TENS
   80dd   03 ac         
   80df   f8 00                 LDI     00H
   80e1   5c                    STR     RC
   80e2   f8 83 bc f8           LOAD    RC, HUNDREDS
   80e6   04 ac         
   80e8   f8 00                 LDI     00H
   80ea   5c                    STR     RC
   80eb   f8 83 bc f8           LOAD    RC, THOUSANDS
   80ef   05 ac         
   80f1   f8 00                 LDI     00H
   80f3   5c                    STR     RC
   80f4   c0 81 a2              LBR     UPDB
                        
   80f7   f8 00         COUNT:  LDI     00H
   80f9   5f                    STR     RF
   80fa   f8 83 bc f8   IHNTH:  LOAD    RC, HUNDREDTHS
   80fe   00 ac         
   8100   ec                    SEX     RC
   8101   f8 02                 LDI     02H
   8103   f4                    ADD     ;INCREMENT TIMER
   8104   5c                    STR     RC      ;RC NOW CONTAINS THE HUNDREDTHS VALUE
   8105   0c                    LDN     RC
   8106   fb 0a                 XRI     0AH
   8108   c2 81 0e              LBZ     ITNTH
   810b   c0 81 a2              LBR     UPDB
                        
   810e   f8 83 bc f8   ITNTH:  LOAD    RC, HUNDREDTHS
   8112   00 ac         
   8114   f8 00                 LDI     0H
   8116   5c                    STR     RC      ;RC NOW CONTAINS A ZERO
   8117   f8 83 bc f8           LOAD    RC, TENTHS
   811b   01 ac         
   811d   ec                    SEX     RC
   811e   f8 01                 LDI     01H
   8120   f4                    ADD
   8121   5c                    STR     RC      ;RD NOW CONTAINS THE TENTHS VALUES
   8122   0c                    LDN     RC
   8123   fb 0a                 XRI     0AH
   8125   c2 81 2b              LBZ     IONES
   8128   c0 81 a2              LBR     UPDB
                        
   812b   f8 83 bc f8   IONES:  LOAD    RC, TENTHS
   812f   01 ac         
   8131   f8 00                 LDI     0H
   8133   5c                    STR     RC      ;RC NOW CONTAINS A ZERO
   8134   f8 83 bc f8           LOAD    RC, ONES
   8138   02 ac         
   813a   ec                    SEX     RC
   813b   f8 01                 LDI     01H
   813d   f4                    ADD
   813e   5c                    STR     RC      ;RD NOW CONTAINS THE ONES VALUES
   813f   0c                    LDN     RC
   8140   fb 0a                 XRI     0AH
   8142   c2 81 48              LBZ     ITENS
   8145   c0 81 a2              LBR     UPDB
                        
   8148   f8 83 bc f8   ITENS:  LOAD    RC, ONES
   814c   02 ac         
   814e   f8 00                 LDI     0H
   8150   5c                    STR     RC      ;RC NOW CONTAINS A ZERO
   8151   f8 83 bc f8           LOAD    RC, TENS
   8155   03 ac         
   8157   ec                    SEX     RC
   8158   f8 01                 LDI     01H
   815a   f4                    ADD
   815b   5c                    STR     RC      ;RD NOW CONTAINS THE TENS VALUES
   815c   0c                    LDN     RC
   815d   fb 0a                 XRI     0AH
   815f   c2 81 65              LBZ     IHUN
   8162   c0 81 a2              LBR     UPDB
                        
   8165   f8 83 bc f8   IHUN:   LOAD    RC, TENS
   8169   03 ac         
   816b   f8 00                 LDI     0H
   816d   5c                    STR     RC      ;RC NOW CONTAINS A ZERO
   816e   f8 83 bc f8           LOAD    RC, HUNDREDS
   8172   04 ac         
   8174   ec                    SEX     RC
   8175   f8 01                 LDI     01H
   8177   f4                    ADD
   8178   5c                    STR     RC      ;RD NOW CONTAINS THE HUNDREDS VALUES
   8179   0c                    LDN     RC
   817a   fb 0a                 XRI     0AH
   817c   c2 81 82              LBZ     ITHOU
   817f   c0 81 a2              LBR     UPDB
                        
   8182   f8 83 bc f8   ITHOU:  LOAD    RC, HUNDREDS
   8186   04 ac         
   8188   f8 00                 LDI     0H
   818a   5c                    STR     RC      ;RC NOW CONTAINS A ZERO
   818b   f8 83 bc f8           LOAD    RC, THOUSANDS
   818f   05 ac         
   8191   ec                    SEX     RC
   8192   f8 01                 LDI     01H
   8194   f4                    ADD
   8195   5c                    STR     RC      ;RD NOW CONTAINS THE THOUSANDS VALUES
   8196   0c                    LDN     RC
   8197   fb 0a                 XRI     0AH
   8199   c2 80 be              LBZ     UNCZRO
   819c   c0 81 a2              LBR     UPDB
                        
   819f   c0 80 7e      CONT1:  LBR     CONT
                        
                        
   81a2   c4            UPDB:   NOP
   81a3   f8 80 b9 f8   UHNTH:  LOAD    R9, VALUES
   81a7   af a9         
   81a9   f8 83 bc f8           LOAD    RC, HUNDREDTHS
   81ad   00 ac         
   81af   ec                    SEX     RC
   81b0   89                    GLO     R9
   81b1   f4                    ADD
   81b2   a9                    PLO     R9  ;R9 NOW SET TO WHERE WE NEED DATA FOR HUNDREDTHS
   81b3   f8 80 b6 f8           LOAD    R6, BUFFER0
   81b7   a8 a6         
   81b9   09                    LDN     R9
   81ba   56                    STR     R6
                        
   81bb   f8 80 b9 f8   UTNTHS: LOAD    R9, VALUES
   81bf   af a9         
   81c1   f8 83 bc f8           LOAD    RC, TENTHS
   81c5   01 ac         
   81c7   ec                    SEX     RC
   81c8   89                    GLO     R9
   81c9   f4                    ADD
   81ca   a9                    PLO     R9  ;R9 NOW SET TO WHERE WE NEED DATA FOR TENTHS
   81cb   f8 80 b6 f8           LOAD    R6, BUFFER1
   81cf   a7 a6         
   81d1   09                    LDN     R9
   81d2   56                    STR     R6
                        
                        
   81d3   f8 80 b9 f8   UONES:  LOAD    R9, VALUES
   81d7   af a9         
   81d9   f8 83 bc f8           LOAD    RC, ONES
   81dd   02 ac         
   81df   ec                    SEX     RC
   81e0   89                    GLO     R9
   81e1   f4                    ADD
   81e2   a9                    PLO     R9  ;R9 NOW SET TO WHERE WE NEED DATA FOR ONES
   81e3   f8 80 b6 f8           LOAD    R6, BUFFER2
   81e7   a6 a6         
   81e9   09                    LDN     R9
   81ea   56                    STR     R6
   81eb   5e                    STR     RE
                        
   81ec   f8 80 b9 f8   UTENS:  LOAD    R9, VALUES
   81f0   af a9         
   81f2   f8 83 bc f8           LOAD    RC, TENS
   81f6   03 ac         
   81f8   ec                    SEX     RC
   81f9   89                    GLO     R9
   81fa   f4                    ADD
   81fb   a9                    PLO     R9  ;R9 NOW SET TO WHERE WE NEED DATA FOR TENS
   81fc   f8 80 b6 f8           LOAD    R6, BUFFER3
   8200   a5 a6         
   8202   09                    LDN     R9
   8203   56                    STR     R6
                        
   8204   f8 80 b9 f8   UHNDRD: LOAD    R9, VALUES
   8208   af a9         
   820a   f8 83 bc f8           LOAD    RC, HUNDREDS
   820e   04 ac         
   8210   ec                    SEX     RC
   8211   89                    GLO     R9
   8212   f4                    ADD
   8213   a9                    PLO     R9  ;R9 NOW SET TO WHERE WE NEED DATA FOR HUNDREDS
   8214   f8 80 b6 f8           LOAD    R6, BUFFER4
   8218   a4 a6         
   821a   09                    LDN     R9
   821b   56                    STR     R6
                        
   821c   f8 80 b9 f8   UTHOU:  LOAD    R9, VALUES
   8220   af a9         
   8222   f8 83 bc f8           LOAD    RC, THOUSANDS
   8226   05 ac         
   8228   ec                    SEX     RC
   8229   89                    GLO     R9
   822a   f4                    ADD
   822b   a9                    PLO     R9  ;R9 NOW SET TO WHERE WE NEED DATA FOR THOUSANDS
   822c   f8 80 b6 f8           LOAD    R6, BUFFER5
   8230   a3 a6         
   8232   09                    LDN     R9
   8233   56                    STR     R6
                        
                        
   8234   35 57         CHKEF1: B2      EF2P
   8236   3c 43                 BN1     RSFLAG
   8238   0d                    LDN     RD
   8239   32 3e                 BZ      ACTOK
   823b   c0 80 72              LBR     CONT2
                        
   823e   31 49         ACTOK:  BQ      RESQ
   8240   c0 82 50              LBR     SETQ
                        
                        
   8243   f8 00         RSFLAG: LDI     00H
   8245   5d                    STR     RD
   8246   c0 80 72              LBR     CONT2
                        
   8249   7a            RESQ:   REQ
   824a   f8 01                 LDI     01H
   824c   5d                    STR     RD
   824d   c0 80 72              LBR     CONT2
                        
   8250   7b            SETQ:   SEQ
   8251   f8 01                 LDI     01H
   8253   5d                    STR     RD
   8254   c0 80 72              LBR     CONT2
                        
   8257   7a            EF2P:   REQ
   8258   c0 80 be              LBR     UNCZRO
   825b                         END
823e  ACTOK         2756  BREAK         80a8  BUFFER0       80a7  BUFFER1   
80a6  BUFFER2       80a5  BUFFER3       80a4  BUFFER4       80a3  BUFFER5   
8234  CHKEF1        807e  CONT          819f  CONT1         8072  CONT2     
80f7  COUNT         809a  DELAY         809d  DELAY1        7101  DIGIT     
8257  EF2P          8307  EFLAGS        8306  FREERUN       7000  GPIO1     
8304  HUNDREDS      8300  HUNDREDTHS    80fa  IHNTH         8165  IHUN      
812b  IONES         8148  ITENS         8182  ITHOU         810e  ITNTH     
80b9  LIHNTH        8087  LOOP          8063  MAIN          8302  ONES      
0000  R0            0001  R1            0002  R2            0003  R3        
0004  R4            0005  R5            0006  R6            0007  R7        
0008  R8            0009  R9            000a  RA            000b  RB        
000c  RC            000d  RD            000e  RE            8249  RESQ      
8099  RET_DELAY     000f  RF            8243  RSFLAG        80a9  SCAN_DIGIT
7102  SEGMENT       8250  SETQ          8000  START         8303  TENS      
8301  TENTHS        8305  THOUSANDS     8204  UHNDRD        81a3  UHNTH     
80be  UNCZRO        81d3  UONES         81a2  UPDB          81ec  UTENS     
821c  UTHOU         81bb  UTNTHS        80af  VALUES        80bc  ZERO      
